798798799
newmodify